// Vitest Snapshot v1, https://vitest.dev/guide/snapshot.html

exports[`ModalCommandList > Should render without modal 1`] = `
<div>
  <div
    class="queues d-flex flex-column flex-md-row my-2 flex-wrap"
  >
    <div
      class="queue my-1 px-md-1 col-12"
    >
      <div
        class="d-flex align-items-center p-3 my-3 text-white bg-purple rounded shadow-sm libre-franklin-font col-lg-8 col-xl-7 col-xxl-6 mx-auto"
      >
        <div
          class="input-group"
        >
          <input
            aria-autocomplete="none"
            aria-describedby="btn-send-to-queue"
            aria-label="Enter Room Code"
            autocomplete="false"
            class="form-control libre-franklin-font"
            name="room-code"
            placeholder="ENTER ROOM CODE"
            role="presentation"
            title="Paste Room Code Here"
            type="text"
            value=""
          />
          <button
            class="btn btn-primary libre-franklin-font text-uppercase"
            disabled=""
            id="btn-send-to-queue"
            title="Send Code to All Players"
            type="button"
          >
            Send to Queue
          </button>
        </div>
      </div>
    </div>
    <div
      class="queue my-1 px-md-1 col-12"
    >
      <div
        class="bg-body rounded shadow-sm p-2 d-flex justify-content-between"
      >
        <div
          class="toggle-streamer-seat"
        >
          <label
            class="toggle-label form-check-label"
            for="reserve-seat-for-streamer"
          >
            Reserve seat for streamer?
          </label>
          <div
            class="form-check form-switch"
          >
            <input
              class="form-check-input"
              id="reserve-seat-for-streamer"
              role="switch"
              type="checkbox"
            />
          </div>
        </div>
        <div
          class="fs-6 lh-sm align-self-center"
        >
          <div
            class="player-count"
          >
            0
             of 
            8
             seats claimed
          </div>
        </div>
      </div>
    </div>
    <div
      class="queue my-1 px-md-1 col-12 col-md-6 order-2 order-md-1"
    >
      <div
        class="bg-body rounded shadow-sm p-2"
      >
        <h6
          class="pb-2 m-2 mb-0 libre-franklin-font text-dark-emphasis text-uppercase clearfix d-flex align-items-bottom"
        >
          <span
            class="queue-header me-auto align-self-center"
          >
            <i
              class="bi-people text-purple-1 fs-5"
            />
             Interested
          </span>
          <button
            class="btn btn-sm"
          >
            Randomize
          </button>
        </h6>
        <div
          class="d-flex flex-column text-body interested-queue rand-0"
        />
      </div>
    </div>
    <div
      class="queue my-1 px-md-1 col-12 col-md-6 order-1 order-md-2"
    >
      <div
        class="bg-body rounded shadow-sm p-2"
      >
        <h6
          class="pb-2 m-2 mb-0 libre-franklin-font text-dark-emphasis text-uppercase clearfix d-flex align-items-bottom"
        >
          <span
            class="queue-header me-auto align-self-center"
          >
            <i
              class="bi-people-fill text-purple-1 fs-5"
            />
             Playing
          </span>
          <button
            class="btn btn-sm strt-game disabled"
          >
            Clear Seats
          </button>
        </h6>
        <div
          class="d-flex flex-column text-body playing-queue"
        />
      </div>
    </div>
  </div>
</div>
`;
