// Vitest Snapshot v1, https://vitest.dev/guide/snapshot.html

exports[`Counter > Should render and display state counter value 1`] = `
<span
  aria-label="Counter value"
  class="_value_2fdd4a"
>
  0
</span>
`;
