// Vitest Snapshot v1, https://vitest.dev/guide/snapshot.html

exports[`GameCodeForm > Should render as expected 1`] = `
<div>
  <div
    class="queue my-1 px-md-1 col-12 col-md-6"
  >
    <div
      class="bg-body rounded shadow-sm p-2"
    >
      <h6
        class="pb-2 m-2 mb-0 libre-franklin-font text-dark-emphasis text-uppercase"
      />
      <div
        class="d-flex flex-column text-body"
      >
        <div
          class="px-2 py-3 mb-0 small lh-1 border-bottom w-100 raleway-font fw-medium border rounded bg-dark-subtle"
        >
          <div
            class="d-flex justify-content-between"
          >
            <div>
              <strong
                class="text-body-emphasis fs-4 saira-condensed fw-bold"
              >
                Mattitude1233
              </strong>
              <span
                class="text-info-emphasis d-block smaller fw-semibold"
              >
                9 mins ago
              </span>
            </div>
            <button
              class="btn btn-secondary btn-sm fw-semibold"
            >
              Add to Playing
            </button>
          </div>
        </div>
        <div
          class="px-2 py-3 mb-0 small lh-1 border-bottom w-100 raleway-font fw-medium border rounded bg-dark-subtle"
        >
          <div
            class="d-flex justify-content-between"
          >
            <div>
              <strong
                class="text-body-emphasis fs-4 saira-condensed fw-bold"
              >
                dcpesses
              </strong>
              <span
                class="text-info-emphasis d-block smaller fw-semibold"
              >
                9 mins ago
              </span>
            </div>
            <button
              class="btn btn-secondary btn-sm fw-semibold"
            >
              Add to Playing
            </button>
          </div>
        </div>
        <div
          class="px-2 py-3 mb-0 small lh-1 border-bottom w-100 raleway-font fw-medium border rounded bg-dark-subtle"
        >
          <div
            class="d-flex justify-content-between"
          >
            <div>
              <strong
                class="text-body-emphasis fs-4 saira-condensed fw-bold"
              >
                kellacat
              </strong>
              <span
                class="text-info-emphasis d-block smaller fw-semibold"
              >
                9 mins ago
              </span>
            </div>
            <button
              class="btn btn-secondary btn-sm fw-semibold"
            >
              Add to Playing
            </button>
          </div>
        </div>
      </div>
    </div>
  </div>
</div>
`;
