// Vitest Snapshot v1, https://vitest.dev/guide/snapshot.html

exports[`GameCodeForm > Should render as expected 1`] = `
<div>
  <div
    class="my-3 p-3 bg-body rounded shadow-sm"
    id="queue"
  >
    <h6
      class="border-bottom pb-2 mb-0 libre-franklin-font text-dark-emphasis"
    >
      QUEUE
    </h6>
    <div
      class="d-flex text-body pt-3"
    >
      <div
        class="pb-3 mb-0 small lh-1 border-bottom w-100 inter-font"
      >
        <div
          class="d-flex justify-content-between"
        >
          <div>
            <strong
              class="text-body-emphasis fs-4 saira-condensed-semibold"
            >
              Mattitude1233
            </strong>
            <span
              class="text-info-emphasis d-block smaller"
            >
              9 mins ago
            </span>
          </div>
          <a
            href="#"
          >
            Follow
          </a>
        </div>
      </div>
    </div>
  </div>
</div>
`;
